[2021-01-31T20:33:31.031+0500][0.008s] Using G1
[2021-01-31T20:33:31.231+0500][0.208s] Version: 15.0.1+9-18 (release)
[2021-01-31T20:33:31.231+0500][0.208s] CPUs: 8 total, 8 available
[2021-01-31T20:33:31.231+0500][0.208s] Memory: 16384M
[2021-01-31T20:33:31.231+0500][0.208s] Large Page Support: Disabled
[2021-01-31T20:33:31.231+0500][0.208s] NUMA Support: Disabled
[2021-01-31T20:33:31.231+0500][0.208s] Compressed Oops: Enabled (Zero based)
[2021-01-31T20:33:31.231+0500][0.208s] Heap Region Size: 1M
[2021-01-31T20:33:31.231+0500][0.208s] Heap Min Capacity: 512M
[2021-01-31T20:33:31.231+0500][0.208s] Heap Initial Capacity: 512M
[2021-01-31T20:33:31.231+0500][0.208s] Heap Max Capacity: 512M
[2021-01-31T20:33:31.231+0500][0.208s] Pre-touch: Enabled
[2021-01-31T20:33:31.231+0500][0.208s] Parallel Workers: 8
[2021-01-31T20:33:31.231+0500][0.208s] Concurrent Workers: 2
[2021-01-31T20:33:31.231+0500][0.208s] Concurrent Refinement Workers: 8
[2021-01-31T20:33:31.231+0500][0.208s] Periodic GC: Disabled
[2021-01-31T20:33:31.232+0500][0.208s] Mark closed archive regions in map: [0x00000007fff00000, 0x00000007fff78ff8]
[2021-01-31T20:33:31.232+0500][0.209s] Mark open archive regions in map: [0x00000007ffe00000, 0x00000007ffe50ff8]
[2021-01-31T20:33:31.232+0500][0.209s] CDS archive(s) mapped at: [0x0000000800000000-0x0000000800b2c000-0x0000000800b2c000), size 11714560, SharedBaseAddress: 0x0000000800000000, ArchiveRelocationMode: 0.
[2021-01-31T20:33:31.232+0500][0.209s] Compressed class space mapped at: 0x0000000800b2c000-0x0000000840b2c000, size: 1073741824
[2021-01-31T20:33:31.232+0500][0.209s] Narrow klass base: 0x0000000800000000, Narrow klass shift: 3, Narrow klass range: 0x100000000
[2021-01-31T20:33:31.623+0500][0.599s] GC(0) Pause Young (Normal) (G1 Evacuation Pause)
[2021-01-31T20:33:31.623+0500][0.600s] GC(0) Using 8 workers of 8 for evacuation
[2021-01-31T20:33:31.626+0500][0.602s] GC(0)   Pre Evacuate Collection Set: 0.1ms
[2021-01-31T20:33:31.626+0500][0.602s] GC(0)   Merge Heap Roots: 0.0ms
[2021-01-31T20:33:31.626+0500][0.602s] GC(0)   Evacuate Collection Set: 1.6ms
[2021-01-31T20:33:31.626+0500][0.602s] GC(0)   Post Evacuate Collection Set: 0.5ms
[2021-01-31T20:33:31.626+0500][0.602s] GC(0)   Other: 0.6ms
[2021-01-31T20:33:31.626+0500][0.602s] GC(0) Eden regions: 29->0(55)
[2021-01-31T20:33:31.626+0500][0.602s] GC(0) Survivor regions: 0->4(4)
[2021-01-31T20:33:31.626+0500][0.602s] GC(0) Old regions: 0->0
[2021-01-31T20:33:31.626+0500][0.602s] GC(0) Archive regions: 2->2
[2021-01-31T20:33:31.626+0500][0.602s] GC(0) Humongous regions: 0->0
[2021-01-31T20:33:31.626+0500][0.602s] GC(0) Metaspace: 6716K(8064K)->6716K(8064K) NonClass: 5924K(7168K)->5924K(7168K) Class: 791K(896K)->791K(896K)
[2021-01-31T20:33:31.626+0500][0.602s] GC(0) Pause Young (Normal) (G1 Evacuation Pause) 29M->3M(512M) 3.016ms
[2021-01-31T20:33:31.626+0500][0.602s] GC(0) User=0.02s Sys=0.00s Real=0.00s
[2021-01-31T20:33:32.486+0500][1.462s] GC(1) Pause Young (Normal) (G1 Evacuation Pause)
[2021-01-31T20:33:32.486+0500][1.462s] GC(1) Using 8 workers of 8 for evacuation
[2021-01-31T20:33:32.493+0500][1.469s] GC(1)   Pre Evacuate Collection Set: 0.1ms
[2021-01-31T20:33:32.493+0500][1.469s] GC(1)   Merge Heap Roots: 0.1ms
[2021-01-31T20:33:32.493+0500][1.469s] GC(1)   Evacuate Collection Set: 5.7ms
[2021-01-31T20:33:32.493+0500][1.469s] GC(1)   Post Evacuate Collection Set: 0.6ms
[2021-01-31T20:33:32.493+0500][1.469s] GC(1)   Other: 0.1ms
[2021-01-31T20:33:32.493+0500][1.469s] GC(1) Eden regions: 55->0(299)
[2021-01-31T20:33:32.493+0500][1.469s] GC(1) Survivor regions: 4->8(8)
[2021-01-31T20:33:32.493+0500][1.469s] GC(1) Old regions: 0->8
[2021-01-31T20:33:32.493+0500][1.469s] GC(1) Archive regions: 2->2
[2021-01-31T20:33:32.493+0500][1.469s] GC(1) Humongous regions: 4->4
[2021-01-31T20:33:32.493+0500][1.469s] GC(1) Metaspace: 15542K(16000K)->15542K(16000K) NonClass: 13724K(14080K)->13724K(14080K) Class: 1817K(1920K)->1817K(1920K)
[2021-01-31T20:33:32.493+0500][1.469s] GC(1) Pause Young (Normal) (G1 Evacuation Pause) 62M->19M(512M) 6.854ms
[2021-01-31T20:33:32.493+0500][1.469s] GC(1) User=0.04s Sys=0.01s Real=0.01s
[2021-01-31T20:33:32.760+0500][1.736s] GC(2) Pause Young (Concurrent Start) (Metadata GC Threshold)
[2021-01-31T20:33:32.760+0500][1.736s] GC(2) Using 8 workers of 8 for evacuation
[2021-01-31T20:33:32.764+0500][1.741s] GC(2)   Pre Evacuate Collection Set: 0.1ms
[2021-01-31T20:33:32.765+0500][1.741s] GC(2)   Merge Heap Roots: 0.1ms
[2021-01-31T20:33:32.765+0500][1.741s] GC(2)   Evacuate Collection Set: 3.7ms
[2021-01-31T20:33:32.765+0500][1.741s] GC(2)   Post Evacuate Collection Set: 0.7ms
[2021-01-31T20:33:32.765+0500][1.741s] GC(2)   Other: 0.2ms
[2021-01-31T20:33:32.765+0500][1.741s] GC(2) Eden regions: 34->0(154)
[2021-01-31T20:33:32.765+0500][1.741s] GC(2) Survivor regions: 8->12(39)
[2021-01-31T20:33:32.765+0500][1.741s] GC(2) Old regions: 8->8
[2021-01-31T20:33:32.765+0500][1.741s] GC(2) Archive regions: 2->2
[2021-01-31T20:33:32.765+0500][1.741s] GC(2) Humongous regions: 4->4
[2021-01-31T20:33:32.765+0500][1.741s] GC(2) Metaspace: 20501K(21248K)->20501K(21248K) NonClass: 18182K(18688K)->18182K(18688K) Class: 2318K(2560K)->2318K(2560K)
[2021-01-31T20:33:32.765+0500][1.741s] GC(2) Pause Young (Concurrent Start) (Metadata GC Threshold) 53M->23M(512M) 4.943ms
[2021-01-31T20:33:32.765+0500][1.741s] GC(2) User=0.03s Sys=0.00s Real=0.00s
[2021-01-31T20:33:32.765+0500][1.741s] GC(3) Concurrent Cycle
[2021-01-31T20:33:32.765+0500][1.741s] GC(3) Concurrent Clear Claimed Marks
[2021-01-31T20:33:32.765+0500][1.741s] GC(3) Concurrent Clear Claimed Marks 0.030ms
[2021-01-31T20:33:32.765+0500][1.741s] GC(3) Concurrent Scan Root Regions
[2021-01-31T20:33:32.768+0500][1.745s] GC(3) Concurrent Scan Root Regions 3.213ms
[2021-01-31T20:33:32.768+0500][1.745s] GC(3) Concurrent Mark (1.745s)
[2021-01-31T20:33:32.768+0500][1.745s] GC(3) Concurrent Mark From Roots
[2021-01-31T20:33:32.768+0500][1.745s] GC(3) Using 2 workers of 2 for marking
[2021-01-31T20:33:32.776+0500][1.752s] GC(3) Concurrent Mark From Roots 7.579ms
[2021-01-31T20:33:32.776+0500][1.752s] GC(3) Concurrent Preclean
[2021-01-31T20:33:32.776+0500][1.752s] GC(3) Concurrent Preclean 0.059ms
[2021-01-31T20:33:32.776+0500][1.752s] GC(3) Concurrent Mark (1.745s, 1.752s) 7.692ms
[2021-01-31T20:33:32.776+0500][1.753s] GC(3) Pause Remark
[2021-01-31T20:33:32.777+0500][1.754s] GC(3) Pause Remark 25M->25M(512M) 1.254ms
[2021-01-31T20:33:32.777+0500][1.754s] GC(3) User=0.01s Sys=0.01s Real=0.00s
[2021-01-31T20:33:32.777+0500][1.754s] GC(3) Concurrent Rebuild Remembered Sets
[2021-01-31T20:33:32.782+0500][1.758s] GC(3) Concurrent Rebuild Remembered Sets 4.427ms
[2021-01-31T20:33:32.782+0500][1.759s] GC(3) Pause Cleanup
[2021-01-31T20:33:32.782+0500][1.759s] GC(3) Pause Cleanup 26M->26M(512M) 0.122ms
[2021-01-31T20:33:32.782+0500][1.759s] GC(3) User=0.00s Sys=0.00s Real=0.00s
[2021-01-31T20:33:32.782+0500][1.759s] GC(3) Concurrent Cleanup for Next Mark
[2021-01-31T20:33:32.783+0500][1.759s] GC(3) Concurrent Cleanup for Next Mark 0.709ms
[2021-01-31T20:33:32.783+0500][1.759s] GC(3) Concurrent Cycle 18.134ms
[2021-01-31T20:34:05.979+0500][34.956s] GC(4) Pause Young (Concurrent Start) (Metadata GC Threshold)
[2021-01-31T20:34:05.979+0500][34.956s] GC(4) Using 8 workers of 8 for evacuation
[2021-01-31T20:34:05.988+0500][34.965s] GC(4)   Pre Evacuate Collection Set: 0.1ms
[2021-01-31T20:34:05.988+0500][34.965s] GC(4)   Merge Heap Roots: 0.1ms
[2021-01-31T20:34:05.988+0500][34.965s] GC(4)   Evacuate Collection Set: 7.6ms
[2021-01-31T20:34:05.988+0500][34.965s] GC(4)   Post Evacuate Collection Set: 0.9ms
[2021-01-31T20:34:05.988+0500][34.965s] GC(4)   Other: 0.2ms
[2021-01-31T20:34:05.988+0500][34.965s] GC(4) Eden regions: 113->0(290)
[2021-01-31T20:34:05.988+0500][34.965s] GC(4) Survivor regions: 12->17(22)
[2021-01-31T20:34:05.988+0500][34.965s] GC(4) Old regions: 8->8
[2021-01-31T20:34:05.988+0500][34.965s] GC(4) Archive regions: 2->2
[2021-01-31T20:34:05.988+0500][34.965s] GC(4) Humongous regions: 4->4
[2021-01-31T20:34:05.988+0500][34.965s] GC(4) Metaspace: 35182K(36224K)->35182K(36224K) NonClass: 31150K(32000K)->31150K(32000K) Class: 4031K(4224K)->4031K(4224K)
[2021-01-31T20:34:05.988+0500][34.965s] GC(4) Pause Young (Concurrent Start) (Metadata GC Threshold) 135M->28M(512M) 9.058ms
[2021-01-31T20:34:05.988+0500][34.965s] GC(4) User=0.05s Sys=0.00s Real=0.01s
[2021-01-31T20:34:05.988+0500][34.965s] GC(5) Concurrent Cycle
[2021-01-31T20:34:05.989+0500][34.966s] GC(5) Concurrent Clear Claimed Marks
[2021-01-31T20:34:05.989+0500][34.966s] GC(5) Concurrent Clear Claimed Marks 0.029ms
[2021-01-31T20:34:05.989+0500][34.966s] GC(5) Concurrent Scan Root Regions
[2021-01-31T20:34:05.994+0500][34.971s] GC(5) Concurrent Scan Root Regions 5.606ms
[2021-01-31T20:34:05.994+0500][34.971s] GC(5) Concurrent Mark (34.971s)
[2021-01-31T20:34:05.994+0500][34.971s] GC(5) Concurrent Mark From Roots
[2021-01-31T20:34:05.994+0500][34.971s] GC(5) Using 2 workers of 2 for marking
[2021-01-31T20:34:06.002+0500][34.979s] GC(5) Concurrent Mark From Roots 8.245ms
[2021-01-31T20:34:06.002+0500][34.979s] GC(5) Concurrent Preclean
[2021-01-31T20:34:06.003+0500][34.980s] GC(5) Concurrent Preclean 0.052ms
[2021-01-31T20:34:06.003+0500][34.980s] GC(5) Concurrent Mark (34.971s, 34.980s) 8.367ms
[2021-01-31T20:34:06.003+0500][34.980s] GC(5) Pause Remark
[2021-01-31T20:34:06.004+0500][34.981s] GC(5) Pause Remark 32M->32M(512M) 1.803ms
[2021-01-31T20:34:06.004+0500][34.981s] GC(5) User=0.01s Sys=0.00s Real=0.00s
[2021-01-31T20:34:06.005+0500][34.982s] GC(5) Concurrent Rebuild Remembered Sets
[2021-01-31T20:34:06.009+0500][34.986s] GC(5) Concurrent Rebuild Remembered Sets 4.311ms
[2021-01-31T20:34:06.009+0500][34.986s] GC(5) Pause Cleanup
[2021-01-31T20:34:06.009+0500][34.986s] GC(5) Pause Cleanup 32M->32M(512M) 0.105ms
[2021-01-31T20:34:06.009+0500][34.986s] GC(5) User=0.00s Sys=0.00s Real=0.00s
[2021-01-31T20:34:06.009+0500][34.986s] GC(5) Concurrent Cleanup for Next Mark
[2021-01-31T20:34:06.010+0500][34.987s] GC(5) Concurrent Cleanup for Next Mark 0.694ms
[2021-01-31T20:34:06.010+0500][34.987s] GC(5) Concurrent Cycle 21.503ms
[2021-01-31T20:34:06.010+0500][34.987s] Heap
[2021-01-31T20:34:06.010+0500][34.987s]  garbage-first heap   total 524288K, used 33209K [0x00000007e0000000, 0x0000000800000000)
[2021-01-31T20:34:06.010+0500][34.987s]   region size 1024K, 22 young (22528K), 17 survivors (17408K)
[2021-01-31T20:34:06.010+0500][34.987s]  Metaspace       used 35241K, capacity 35721K, committed 36480K, reserved 1081344K
[2021-01-31T20:34:06.010+0500][34.987s]   class space    used 4038K, capacity 4171K, committed 4224K, reserved 1048576K
