[2021-01-31T20:22:15.805+0500][0.007s] Using G1
[2021-01-31T20:22:16.015+0500][0.217s] Version: 15.0.1+9-18 (release)
[2021-01-31T20:22:16.016+0500][0.218s] CPUs: 8 total, 8 available
[2021-01-31T20:22:16.016+0500][0.218s] Memory: 16384M
[2021-01-31T20:22:16.016+0500][0.218s] Large Page Support: Disabled
[2021-01-31T20:22:16.016+0500][0.218s] NUMA Support: Disabled
[2021-01-31T20:22:16.016+0500][0.218s] Compressed Oops: Enabled (Zero based)
[2021-01-31T20:22:16.016+0500][0.218s] Heap Region Size: 1M
[2021-01-31T20:22:16.016+0500][0.218s] Heap Min Capacity: 512M
[2021-01-31T20:22:16.016+0500][0.218s] Heap Initial Capacity: 512M
[2021-01-31T20:22:16.016+0500][0.218s] Heap Max Capacity: 512M
[2021-01-31T20:22:16.016+0500][0.218s] Pre-touch: Enabled
[2021-01-31T20:22:16.016+0500][0.218s] Parallel Workers: 8
[2021-01-31T20:22:16.016+0500][0.218s] Concurrent Workers: 2
[2021-01-31T20:22:16.016+0500][0.218s] Concurrent Refinement Workers: 8
[2021-01-31T20:22:16.016+0500][0.218s] Periodic GC: Disabled
[2021-01-31T20:22:16.016+0500][0.218s] Mark closed archive regions in map: [0x00000007fff00000, 0x00000007fff78ff8]
[2021-01-31T20:22:16.016+0500][0.218s] Mark open archive regions in map: [0x00000007ffe00000, 0x00000007ffe50ff8]
[2021-01-31T20:22:16.016+0500][0.218s] CDS archive(s) mapped at: [0x0000000800000000-0x0000000800b2c000-0x0000000800b2c000), size 11714560, SharedBaseAddress: 0x0000000800000000, ArchiveRelocationMode: 0.
[2021-01-31T20:22:16.016+0500][0.218s] Compressed class space mapped at: 0x0000000800b2c000-0x0000000840b2c000, size: 1073741824
[2021-01-31T20:22:16.016+0500][0.218s] Narrow klass base: 0x0000000800000000, Narrow klass shift: 3, Narrow klass range: 0x100000000
[2021-01-31T20:22:16.472+0500][0.674s] GC(0) Pause Young (Normal) (G1 Evacuation Pause)
[2021-01-31T20:22:16.472+0500][0.674s] GC(0) Using 8 workers of 8 for evacuation
[2021-01-31T20:22:16.475+0500][0.677s] GC(0)   Pre Evacuate Collection Set: 0.1ms
[2021-01-31T20:22:16.475+0500][0.677s] GC(0)   Merge Heap Roots: 0.0ms
[2021-01-31T20:22:16.475+0500][0.677s] GC(0)   Evacuate Collection Set: 1.8ms
[2021-01-31T20:22:16.475+0500][0.677s] GC(0)   Post Evacuate Collection Set: 0.3ms
[2021-01-31T20:22:16.475+0500][0.677s] GC(0)   Other: 0.6ms
[2021-01-31T20:22:16.475+0500][0.677s] GC(0) Eden regions: 29->0(55)
[2021-01-31T20:22:16.475+0500][0.677s] GC(0) Survivor regions: 0->4(4)
[2021-01-31T20:22:16.475+0500][0.677s] GC(0) Old regions: 0->0
[2021-01-31T20:22:16.475+0500][0.677s] GC(0) Archive regions: 2->2
[2021-01-31T20:22:16.475+0500][0.677s] GC(0) Humongous regions: 0->0
[2021-01-31T20:22:16.475+0500][0.677s] GC(0) Metaspace: 6717K(8064K)->6717K(8064K) NonClass: 5926K(7168K)->5926K(7168K) Class: 791K(896K)->791K(896K)
[2021-01-31T20:22:16.475+0500][0.677s] GC(0) Pause Young (Normal) (G1 Evacuation Pause) 29M->3M(512M) 2.878ms
[2021-01-31T20:22:16.475+0500][0.677s] GC(0) User=0.02s Sys=0.00s Real=0.00s
[2021-01-31T20:22:17.275+0500][1.477s] GC(1) Pause Young (Normal) (G1 Evacuation Pause)
[2021-01-31T20:22:17.275+0500][1.477s] GC(1) Using 8 workers of 8 for evacuation
[2021-01-31T20:22:17.281+0500][1.483s] GC(1)   Pre Evacuate Collection Set: 0.1ms
[2021-01-31T20:22:17.281+0500][1.484s] GC(1)   Merge Heap Roots: 0.1ms
[2021-01-31T20:22:17.281+0500][1.484s] GC(1)   Evacuate Collection Set: 5.8ms
[2021-01-31T20:22:17.281+0500][1.484s] GC(1)   Post Evacuate Collection Set: 0.5ms
[2021-01-31T20:22:17.281+0500][1.484s] GC(1)   Other: 0.2ms
[2021-01-31T20:22:17.281+0500][1.484s] GC(1) Eden regions: 55->0(299)
[2021-01-31T20:22:17.282+0500][1.484s] GC(1) Survivor regions: 4->8(8)
[2021-01-31T20:22:17.282+0500][1.484s] GC(1) Old regions: 0->8
[2021-01-31T20:22:17.282+0500][1.484s] GC(1) Archive regions: 2->2
[2021-01-31T20:22:17.282+0500][1.484s] GC(1) Humongous regions: 4->4
[2021-01-31T20:22:17.282+0500][1.484s] GC(1) Metaspace: 15534K(16000K)->15534K(16000K) NonClass: 13717K(14080K)->13717K(14080K) Class: 1817K(1920K)->1817K(1920K)
[2021-01-31T20:22:17.282+0500][1.484s] GC(1) Pause Young (Normal) (G1 Evacuation Pause) 62M->20M(512M) 6.796ms
[2021-01-31T20:22:17.282+0500][1.484s] GC(1) User=0.04s Sys=0.00s Real=0.01s
[2021-01-31T20:22:17.531+0500][1.734s] GC(2) Pause Young (Concurrent Start) (Metadata GC Threshold)
[2021-01-31T20:22:17.532+0500][1.734s] GC(2) Using 8 workers of 8 for evacuation
[2021-01-31T20:22:17.536+0500][1.738s] GC(2)   Pre Evacuate Collection Set: 0.1ms
[2021-01-31T20:22:17.536+0500][1.738s] GC(2)   Merge Heap Roots: 0.1ms
[2021-01-31T20:22:17.536+0500][1.738s] GC(2)   Evacuate Collection Set: 3.5ms
[2021-01-31T20:22:17.536+0500][1.738s] GC(2)   Post Evacuate Collection Set: 0.7ms
[2021-01-31T20:22:17.536+0500][1.738s] GC(2)   Other: 0.2ms
[2021-01-31T20:22:17.536+0500][1.738s] GC(2) Eden regions: 34->0(140)
[2021-01-31T20:22:17.536+0500][1.738s] GC(2) Survivor regions: 8->12(39)
[2021-01-31T20:22:17.536+0500][1.738s] GC(2) Old regions: 8->8
[2021-01-31T20:22:17.536+0500][1.738s] GC(2) Archive regions: 2->2
[2021-01-31T20:22:17.536+0500][1.738s] GC(2) Humongous regions: 4->4
[2021-01-31T20:22:17.536+0500][1.738s] GC(2) Metaspace: 20495K(21248K)->20495K(21248K) NonClass: 18177K(18688K)->18177K(18688K) Class: 2318K(2560K)->2318K(2560K)
[2021-01-31T20:22:17.536+0500][1.738s] GC(2) Pause Young (Concurrent Start) (Metadata GC Threshold) 54M->23M(512M) 4.695ms
[2021-01-31T20:22:17.536+0500][1.738s] GC(2) User=0.03s Sys=0.00s Real=0.00s
[2021-01-31T20:22:17.536+0500][1.738s] GC(3) Concurrent Cycle
[2021-01-31T20:22:17.536+0500][1.738s] GC(3) Concurrent Clear Claimed Marks
[2021-01-31T20:22:17.536+0500][1.738s] GC(3) Concurrent Clear Claimed Marks 0.017ms
[2021-01-31T20:22:17.536+0500][1.738s] GC(3) Concurrent Scan Root Regions
[2021-01-31T20:22:17.539+0500][1.741s] GC(3) Concurrent Scan Root Regions 2.753ms
[2021-01-31T20:22:17.539+0500][1.741s] GC(3) Concurrent Mark (1.741s)
[2021-01-31T20:22:17.539+0500][1.741s] GC(3) Concurrent Mark From Roots
[2021-01-31T20:22:17.539+0500][1.741s] GC(3) Using 2 workers of 2 for marking
[2021-01-31T20:22:17.547+0500][1.749s] GC(3) Concurrent Mark From Roots 8.245ms
[2021-01-31T20:22:17.547+0500][1.749s] GC(3) Concurrent Preclean
[2021-01-31T20:22:17.547+0500][1.750s] GC(3) Concurrent Preclean 0.058ms
[2021-01-31T20:22:17.547+0500][1.750s] GC(3) Concurrent Mark (1.741s, 1.750s) 8.410ms
[2021-01-31T20:22:17.548+0500][1.750s] GC(3) Pause Remark
[2021-01-31T20:22:17.549+0500][1.751s] GC(3) Pause Remark 25M->25M(512M) 1.073ms
[2021-01-31T20:22:17.549+0500][1.751s] GC(3) User=0.00s Sys=0.00s Real=0.00s
[2021-01-31T20:22:17.549+0500][1.751s] GC(3) Concurrent Rebuild Remembered Sets
[2021-01-31T20:22:17.553+0500][1.755s] GC(3) Concurrent Rebuild Remembered Sets 4.200ms
[2021-01-31T20:22:17.553+0500][1.755s] GC(3) Pause Cleanup
[2021-01-31T20:22:17.553+0500][1.756s] GC(3) Pause Cleanup 26M->26M(512M) 0.096ms
[2021-01-31T20:22:17.553+0500][1.756s] GC(3) User=0.00s Sys=0.01s Real=0.00s
[2021-01-31T20:22:17.554+0500][1.756s] GC(3) Concurrent Cleanup for Next Mark
[2021-01-31T20:22:17.554+0500][1.756s] GC(3) Concurrent Cleanup for Next Mark 0.719ms
[2021-01-31T20:22:17.554+0500][1.756s] GC(3) Concurrent Cycle 18.092ms
[2021-01-31T20:23:18.196+0500][62.399s] GC(4) Pause Young (Concurrent Start) (Metadata GC Threshold)
[2021-01-31T20:23:18.196+0500][62.399s] GC(4) Using 8 workers of 8 for evacuation
[2021-01-31T20:23:18.202+0500][62.405s] GC(4)   Pre Evacuate Collection Set: 0.1ms
[2021-01-31T20:23:18.202+0500][62.405s] GC(4)   Merge Heap Roots: 0.1ms
[2021-01-31T20:23:18.202+0500][62.405s] GC(4)   Evacuate Collection Set: 5.2ms
[2021-01-31T20:23:18.202+0500][62.405s] GC(4)   Post Evacuate Collection Set: 0.6ms
[2021-01-31T20:23:18.202+0500][62.405s] GC(4)   Other: 0.2ms
[2021-01-31T20:23:18.202+0500][62.405s] GC(4) Eden regions: 115->0(291)
[2021-01-31T20:23:18.203+0500][62.405s] GC(4) Survivor regions: 12->16(20)
[2021-01-31T20:23:18.203+0500][62.406s] GC(4) Old regions: 8->9
[2021-01-31T20:23:18.203+0500][62.406s] GC(4) Archive regions: 2->2
[2021-01-31T20:23:18.203+0500][62.406s] GC(4) Humongous regions: 4->4
[2021-01-31T20:23:18.203+0500][62.406s] GC(4) Metaspace: 35219K(36224K)->35219K(36224K) NonClass: 31175K(32000K)->31175K(32000K) Class: 4043K(4224K)->4043K(4224K)
[2021-01-31T20:23:18.203+0500][62.406s] GC(4) Pause Young (Concurrent Start) (Metadata GC Threshold) 138M->29M(512M) 6.334ms
[2021-01-31T20:23:18.203+0500][62.406s] GC(4) User=0.04s Sys=0.00s Real=0.01s
[2021-01-31T20:23:18.203+0500][62.406s] GC(5) Concurrent Cycle
[2021-01-31T20:23:18.203+0500][62.406s] GC(5) Concurrent Clear Claimed Marks
[2021-01-31T20:23:18.203+0500][62.406s] GC(5) Concurrent Clear Claimed Marks 0.018ms
[2021-01-31T20:23:18.203+0500][62.406s] GC(5) Concurrent Scan Root Regions
[2021-01-31T20:23:18.206+0500][62.409s] GC(5) Concurrent Scan Root Regions 3.325ms
[2021-01-31T20:23:18.206+0500][62.409s] GC(5) Concurrent Mark (62.409s)
[2021-01-31T20:23:18.206+0500][62.409s] GC(5) Concurrent Mark From Roots
[2021-01-31T20:23:18.206+0500][62.409s] GC(5) Using 2 workers of 2 for marking
[2021-01-31T20:23:18.212+0500][62.415s] GC(5) Concurrent Mark From Roots 6.054ms
[2021-01-31T20:23:18.212+0500][62.415s] GC(5) Concurrent Preclean
[2021-01-31T20:23:18.212+0500][62.415s] GC(5) Concurrent Preclean 0.033ms
[2021-01-31T20:23:18.212+0500][62.415s] GC(5) Concurrent Mark (62.409s, 62.415s) 6.139ms
[2021-01-31T20:23:18.212+0500][62.415s] GC(5) Pause Remark
[2021-01-31T20:23:18.214+0500][62.417s] GC(5) Pause Remark 30M->30M(512M) 1.313ms
[2021-01-31T20:23:18.214+0500][62.417s] GC(5) User=0.01s Sys=0.00s Real=0.00s
[2021-01-31T20:23:18.214+0500][62.417s] GC(5) Concurrent Rebuild Remembered Sets
[2021-01-31T20:23:18.217+0500][62.420s] GC(5) Concurrent Rebuild Remembered Sets 3.806ms
[2021-01-31T20:23:18.218+0500][62.421s] GC(5) Pause Cleanup
[2021-01-31T20:23:18.218+0500][62.421s] GC(5) Pause Cleanup 30M->30M(512M) 0.118ms
[2021-01-31T20:23:18.218+0500][62.421s] GC(5) User=0.00s Sys=0.00s Real=0.00s
[2021-01-31T20:23:18.218+0500][62.421s] GC(5) Concurrent Cleanup for Next Mark
[2021-01-31T20:23:18.219+0500][62.422s] GC(5) Concurrent Cleanup for Next Mark 0.673ms
[2021-01-31T20:23:18.219+0500][62.422s] GC(5) Concurrent Cycle 16.012ms
[2021-01-31T20:23:44.889+0500][89.093s] Heap
[2021-01-31T20:23:44.890+0500][89.093s]  garbage-first heap   total 524288K, used 40993K [0x00000007e0000000, 0x0000000800000000)
[2021-01-31T20:23:44.890+0500][89.093s]   region size 1024K, 28 young (28672K), 16 survivors (16384K)
[2021-01-31T20:23:44.890+0500][89.093s]  Metaspace       used 35578K, capacity 36028K, committed 36736K, reserved 1081344K
[2021-01-31T20:23:44.890+0500][89.093s]   class space    used 4089K, capacity 4208K, committed 4224K, reserved 1048576K
