[2021-01-31T20:34:10.773+0500][0.007s] Using G1
[2021-01-31T20:34:10.972+0500][0.206s] Version: 15.0.1+9-18 (release)
[2021-01-31T20:34:10.972+0500][0.206s] CPUs: 8 total, 8 available
[2021-01-31T20:34:10.972+0500][0.206s] Memory: 16384M
[2021-01-31T20:34:10.972+0500][0.206s] Large Page Support: Disabled
[2021-01-31T20:34:10.972+0500][0.206s] NUMA Support: Disabled
[2021-01-31T20:34:10.972+0500][0.206s] Compressed Oops: Enabled (Zero based)
[2021-01-31T20:34:10.972+0500][0.207s] Heap Region Size: 1M
[2021-01-31T20:34:10.972+0500][0.207s] Heap Min Capacity: 512M
[2021-01-31T20:34:10.972+0500][0.207s] Heap Initial Capacity: 512M
[2021-01-31T20:34:10.972+0500][0.207s] Heap Max Capacity: 512M
[2021-01-31T20:34:10.972+0500][0.207s] Pre-touch: Enabled
[2021-01-31T20:34:10.972+0500][0.207s] Parallel Workers: 8
[2021-01-31T20:34:10.972+0500][0.207s] Concurrent Workers: 2
[2021-01-31T20:34:10.972+0500][0.207s] Concurrent Refinement Workers: 8
[2021-01-31T20:34:10.972+0500][0.207s] Periodic GC: Disabled
[2021-01-31T20:34:10.973+0500][0.207s] Mark closed archive regions in map: [0x00000007fff00000, 0x00000007fff78ff8]
[2021-01-31T20:34:10.973+0500][0.207s] Mark open archive regions in map: [0x00000007ffe00000, 0x00000007ffe50ff8]
[2021-01-31T20:34:10.973+0500][0.207s] CDS archive(s) mapped at: [0x0000000800000000-0x0000000800b2c000-0x0000000800b2c000), size 11714560, SharedBaseAddress: 0x0000000800000000, ArchiveRelocationMode: 0.
[2021-01-31T20:34:10.973+0500][0.207s] Compressed class space mapped at: 0x0000000800b2c000-0x0000000840b2c000, size: 1073741824
[2021-01-31T20:34:10.973+0500][0.207s] Narrow klass base: 0x0000000800000000, Narrow klass shift: 3, Narrow klass range: 0x100000000
[2021-01-31T20:34:11.356+0500][0.590s] GC(0) Pause Young (Normal) (G1 Evacuation Pause)
[2021-01-31T20:34:11.356+0500][0.591s] GC(0) Using 8 workers of 8 for evacuation
[2021-01-31T20:34:11.359+0500][0.593s] GC(0)   Pre Evacuate Collection Set: 0.1ms
[2021-01-31T20:34:11.359+0500][0.593s] GC(0)   Merge Heap Roots: 0.0ms
[2021-01-31T20:34:11.359+0500][0.593s] GC(0)   Evacuate Collection Set: 1.7ms
[2021-01-31T20:34:11.359+0500][0.593s] GC(0)   Post Evacuate Collection Set: 0.4ms
[2021-01-31T20:34:11.359+0500][0.593s] GC(0)   Other: 0.7ms
[2021-01-31T20:34:11.359+0500][0.593s] GC(0) Eden regions: 29->0(55)
[2021-01-31T20:34:11.359+0500][0.593s] GC(0) Survivor regions: 0->4(4)
[2021-01-31T20:34:11.359+0500][0.593s] GC(0) Old regions: 0->0
[2021-01-31T20:34:11.359+0500][0.593s] GC(0) Archive regions: 2->2
[2021-01-31T20:34:11.359+0500][0.593s] GC(0) Humongous regions: 0->0
[2021-01-31T20:34:11.359+0500][0.593s] GC(0) Metaspace: 6715K(8064K)->6715K(8064K) NonClass: 5923K(7168K)->5923K(7168K) Class: 791K(896K)->791K(896K)
[2021-01-31T20:34:11.359+0500][0.593s] GC(0) Pause Young (Normal) (G1 Evacuation Pause) 29M->3M(512M) 3.069ms
[2021-01-31T20:34:11.359+0500][0.593s] GC(0) User=0.01s Sys=0.01s Real=0.00s
[2021-01-31T20:34:11.841+0500][1.075s] GC(1) Pause Young (Normal) (G1 Evacuation Pause)
[2021-01-31T20:34:11.841+0500][1.075s] GC(1) Using 8 workers of 8 for evacuation
[2021-01-31T20:34:11.849+0500][1.083s] GC(1)   Pre Evacuate Collection Set: 0.1ms
[2021-01-31T20:34:11.849+0500][1.083s] GC(1)   Merge Heap Roots: 0.1ms
[2021-01-31T20:34:11.849+0500][1.083s] GC(1)   Evacuate Collection Set: 7.3ms
[2021-01-31T20:34:11.849+0500][1.083s] GC(1)   Post Evacuate Collection Set: 0.7ms
[2021-01-31T20:34:11.849+0500][1.083s] GC(1)   Other: 0.2ms
[2021-01-31T20:34:11.849+0500][1.083s] GC(1) Eden regions: 55->0(299)
[2021-01-31T20:34:11.849+0500][1.083s] GC(1) Survivor regions: 4->8(8)
[2021-01-31T20:34:11.849+0500][1.083s] GC(1) Old regions: 0->8
[2021-01-31T20:34:11.849+0500][1.083s] GC(1) Archive regions: 2->2
[2021-01-31T20:34:11.849+0500][1.083s] GC(1) Humongous regions: 4->4
[2021-01-31T20:34:11.849+0500][1.083s] GC(1) Metaspace: 15514K(16000K)->15514K(16000K) NonClass: 13697K(14080K)->13697K(14080K) Class: 1817K(1920K)->1817K(1920K)
[2021-01-31T20:34:11.849+0500][1.083s] GC(1) Pause Young (Normal) (G1 Evacuation Pause) 62M->19M(512M) 8.478ms
[2021-01-31T20:34:11.849+0500][1.083s] GC(1) User=0.05s Sys=0.00s Real=0.00s
[2021-01-31T20:34:12.125+0500][1.360s] GC(2) Pause Young (Concurrent Start) (Metadata GC Threshold)
[2021-01-31T20:34:12.125+0500][1.360s] GC(2) Using 8 workers of 8 for evacuation
[2021-01-31T20:34:12.130+0500][1.364s] GC(2)   Pre Evacuate Collection Set: 0.1ms
[2021-01-31T20:34:12.130+0500][1.364s] GC(2)   Merge Heap Roots: 0.1ms
[2021-01-31T20:34:12.130+0500][1.364s] GC(2)   Evacuate Collection Set: 3.5ms
[2021-01-31T20:34:12.130+0500][1.364s] GC(2)   Post Evacuate Collection Set: 0.7ms
[2021-01-31T20:34:12.130+0500][1.364s] GC(2)   Other: 0.3ms
[2021-01-31T20:34:12.130+0500][1.364s] GC(2) Eden regions: 34->0(159)
[2021-01-31T20:34:12.130+0500][1.364s] GC(2) Survivor regions: 8->12(39)
[2021-01-31T20:34:12.130+0500][1.364s] GC(2) Old regions: 8->8
[2021-01-31T20:34:12.130+0500][1.364s] GC(2) Archive regions: 2->2
[2021-01-31T20:34:12.130+0500][1.364s] GC(2) Humongous regions: 4->4
[2021-01-31T20:34:12.130+0500][1.364s] GC(2) Metaspace: 20501K(21248K)->20501K(21248K) NonClass: 18180K(18688K)->18180K(18688K) Class: 2320K(2560K)->2320K(2560K)
[2021-01-31T20:34:12.130+0500][1.364s] GC(2) Pause Young (Concurrent Start) (Metadata GC Threshold) 53M->23M(512M) 4.752ms
[2021-01-31T20:34:12.130+0500][1.365s] GC(2) User=0.03s Sys=0.00s Real=0.01s
[2021-01-31T20:34:12.130+0500][1.365s] GC(3) Concurrent Cycle
[2021-01-31T20:34:12.130+0500][1.365s] GC(3) Concurrent Clear Claimed Marks
[2021-01-31T20:34:12.130+0500][1.365s] GC(3) Concurrent Clear Claimed Marks 0.016ms
[2021-01-31T20:34:12.130+0500][1.365s] GC(3) Concurrent Scan Root Regions
[2021-01-31T20:34:12.133+0500][1.367s] GC(3) Concurrent Scan Root Regions 2.535ms
[2021-01-31T20:34:12.133+0500][1.367s] GC(3) Concurrent Mark (1.367s)
[2021-01-31T20:34:12.133+0500][1.367s] GC(3) Concurrent Mark From Roots
[2021-01-31T20:34:12.133+0500][1.367s] GC(3) Using 2 workers of 2 for marking
[2021-01-31T20:34:12.141+0500][1.375s] GC(3) Concurrent Mark From Roots 8.122ms
[2021-01-31T20:34:12.141+0500][1.375s] GC(3) Concurrent Preclean
[2021-01-31T20:34:12.141+0500][1.375s] GC(3) Concurrent Preclean 0.055ms
[2021-01-31T20:34:12.141+0500][1.375s] GC(3) Concurrent Mark (1.367s, 1.375s) 8.235ms
[2021-01-31T20:34:12.141+0500][1.376s] GC(3) Pause Remark
[2021-01-31T20:34:12.143+0500][1.377s] GC(3) Pause Remark 25M->25M(512M) 1.194ms
[2021-01-31T20:34:12.143+0500][1.377s] GC(3) User=0.01s Sys=0.00s Real=0.00s
[2021-01-31T20:34:12.143+0500][1.377s] GC(3) Concurrent Rebuild Remembered Sets
[2021-01-31T20:34:12.146+0500][1.381s] GC(3) Concurrent Rebuild Remembered Sets 3.557ms
[2021-01-31T20:34:12.147+0500][1.381s] GC(3) Pause Cleanup
[2021-01-31T20:34:12.147+0500][1.381s] GC(3) Pause Cleanup 26M->26M(512M) 0.091ms
[2021-01-31T20:34:12.147+0500][1.381s] GC(3) User=0.00s Sys=0.00s Real=0.00s
[2021-01-31T20:34:12.147+0500][1.381s] GC(3) Concurrent Cleanup for Next Mark
[2021-01-31T20:34:12.148+0500][1.382s] GC(3) Concurrent Cleanup for Next Mark 0.784ms
[2021-01-31T20:34:12.148+0500][1.382s] GC(3) Concurrent Cycle 17.417ms
[2021-01-31T20:34:16.295+0500][5.530s] GC(4) Pause Young (Concurrent Start) (Metadata GC Threshold)
[2021-01-31T20:34:16.295+0500][5.530s] GC(4) Using 8 workers of 8 for evacuation
[2021-01-31T20:34:16.302+0500][5.536s] GC(4)   Pre Evacuate Collection Set: 0.1ms
[2021-01-31T20:34:16.302+0500][5.536s] GC(4)   Merge Heap Roots: 0.1ms
[2021-01-31T20:34:16.302+0500][5.536s] GC(4)   Evacuate Collection Set: 5.1ms
[2021-01-31T20:34:16.302+0500][5.536s] GC(4)   Post Evacuate Collection Set: 1.0ms
[2021-01-31T20:34:16.302+0500][5.536s] GC(4)   Other: 0.2ms
[2021-01-31T20:34:16.302+0500][5.536s] GC(4) Eden regions: 105->0(289)
[2021-01-31T20:34:16.302+0500][5.536s] GC(4) Survivor regions: 12->18(23)
[2021-01-31T20:34:16.302+0500][5.536s] GC(4) Old regions: 8->8
[2021-01-31T20:34:16.302+0500][5.536s] GC(4) Archive regions: 2->2
[2021-01-31T20:34:16.302+0500][5.536s] GC(4) Humongous regions: 4->4
[2021-01-31T20:34:16.302+0500][5.536s] GC(4) Metaspace: 35211K(36224K)->35211K(36224K) NonClass: 31168K(32000K)->31168K(32000K) Class: 4043K(4224K)->4043K(4224K)
[2021-01-31T20:34:16.302+0500][5.536s] GC(4) Pause Young (Concurrent Start) (Metadata GC Threshold) 128M->29M(512M) 6.686ms
[2021-01-31T20:34:16.302+0500][5.536s] GC(4) User=0.04s Sys=0.01s Real=0.01s
[2021-01-31T20:34:16.302+0500][5.536s] GC(5) Concurrent Cycle
[2021-01-31T20:34:16.302+0500][5.536s] GC(5) Concurrent Clear Claimed Marks
[2021-01-31T20:34:16.302+0500][5.537s] GC(5) Concurrent Clear Claimed Marks 0.028ms
[2021-01-31T20:34:16.302+0500][5.537s] GC(5) Concurrent Scan Root Regions
[2021-01-31T20:34:16.307+0500][5.541s] GC(5) Concurrent Scan Root Regions 4.390ms
[2021-01-31T20:34:16.307+0500][5.541s] GC(5) Concurrent Mark (5.541s)
[2021-01-31T20:34:16.307+0500][5.541s] GC(5) Concurrent Mark From Roots
[2021-01-31T20:34:16.307+0500][5.541s] GC(5) Using 2 workers of 2 for marking
[2021-01-31T20:34:16.315+0500][5.550s] GC(5) Concurrent Mark From Roots 8.685ms
[2021-01-31T20:34:16.315+0500][5.550s] GC(5) Concurrent Preclean
[2021-01-31T20:34:16.315+0500][5.550s] GC(5) Concurrent Preclean 0.041ms
[2021-01-31T20:34:16.315+0500][5.550s] GC(5) Concurrent Mark (5.541s, 5.550s) 8.798ms
[2021-01-31T20:34:16.315+0500][5.550s] GC(5) Pause Remark
[2021-01-31T20:34:16.317+0500][5.551s] GC(5) Pause Remark 31M->31M(512M) 1.103ms
[2021-01-31T20:34:16.317+0500][5.551s] GC(5) User=0.00s Sys=0.00s Real=0.00s
[2021-01-31T20:34:16.317+0500][5.551s] GC(5) Concurrent Rebuild Remembered Sets
[2021-01-31T20:34:16.322+0500][5.557s] GC(5) Concurrent Rebuild Remembered Sets 5.549ms
[2021-01-31T20:34:16.322+0500][5.557s] GC(5) Pause Cleanup
[2021-01-31T20:34:16.322+0500][5.557s] GC(5) Pause Cleanup 31M->31M(512M) 0.094ms
[2021-01-31T20:34:16.322+0500][5.557s] GC(5) User=0.00s Sys=0.00s Real=0.00s
[2021-01-31T20:34:16.323+0500][5.557s] GC(5) Concurrent Cleanup for Next Mark
[2021-01-31T20:34:16.323+0500][5.558s] GC(5) Concurrent Cleanup for Next Mark 0.729ms
[2021-01-31T20:34:16.323+0500][5.558s] GC(5) Concurrent Cycle 21.252ms
[2021-02-01T01:08:30.768+0500][10132.366s] Heap
[2021-02-01T01:08:30.768+0500][10132.366s]  garbage-first heap   total 524288K, used 243418K [0x00000007e0000000, 0x0000000800000000)
[2021-02-01T01:08:30.768+0500][10132.366s]   region size 1024K, 225 young (230400K), 18 survivors (18432K)
[2021-02-01T01:08:30.768+0500][10132.366s]  Metaspace       used 50691K, capacity 51263K, committed 52224K, reserved 1095680K
[2021-02-01T01:08:30.768+0500][10132.366s]   class space    used 5891K, capacity 6071K, committed 6144K, reserved 1048576K
