[2021-01-31T20:23:49.445+0500][0.007s] Using G1
[2021-01-31T20:23:49.642+0500][0.204s] Version: 15.0.1+9-18 (release)
[2021-01-31T20:23:49.642+0500][0.204s] CPUs: 8 total, 8 available
[2021-01-31T20:23:49.642+0500][0.204s] Memory: 16384M
[2021-01-31T20:23:49.642+0500][0.204s] Large Page Support: Disabled
[2021-01-31T20:23:49.642+0500][0.204s] NUMA Support: Disabled
[2021-01-31T20:23:49.642+0500][0.204s] Compressed Oops: Enabled (Zero based)
[2021-01-31T20:23:49.642+0500][0.204s] Heap Region Size: 1M
[2021-01-31T20:23:49.642+0500][0.204s] Heap Min Capacity: 512M
[2021-01-31T20:23:49.642+0500][0.204s] Heap Initial Capacity: 512M
[2021-01-31T20:23:49.642+0500][0.204s] Heap Max Capacity: 512M
[2021-01-31T20:23:49.642+0500][0.204s] Pre-touch: Enabled
[2021-01-31T20:23:49.642+0500][0.204s] Parallel Workers: 8
[2021-01-31T20:23:49.642+0500][0.204s] Concurrent Workers: 2
[2021-01-31T20:23:49.642+0500][0.204s] Concurrent Refinement Workers: 8
[2021-01-31T20:23:49.642+0500][0.204s] Periodic GC: Disabled
[2021-01-31T20:23:49.643+0500][0.205s] Mark closed archive regions in map: [0x00000007fff00000, 0x00000007fff78ff8]
[2021-01-31T20:23:49.643+0500][0.205s] Mark open archive regions in map: [0x00000007ffe00000, 0x00000007ffe50ff8]
[2021-01-31T20:23:49.643+0500][0.205s] CDS archive(s) mapped at: [0x0000000800000000-0x0000000800b2c000-0x0000000800b2c000), size 11714560, SharedBaseAddress: 0x0000000800000000, ArchiveRelocationMode: 0.
[2021-01-31T20:23:49.643+0500][0.205s] Compressed class space mapped at: 0x0000000800b2c000-0x0000000840b2c000, size: 1073741824
[2021-01-31T20:23:49.643+0500][0.205s] Narrow klass base: 0x0000000800000000, Narrow klass shift: 3, Narrow klass range: 0x100000000
[2021-01-31T20:23:50.042+0500][0.604s] GC(0) Pause Young (Normal) (G1 Evacuation Pause)
[2021-01-31T20:23:50.045+0500][0.607s] GC(0) Using 8 workers of 8 for evacuation
[2021-01-31T20:23:50.050+0500][0.612s] GC(0)   Pre Evacuate Collection Set: 0.1ms
[2021-01-31T20:23:50.050+0500][0.612s] GC(0)   Merge Heap Roots: 0.1ms
[2021-01-31T20:23:50.050+0500][0.612s] GC(0)   Evacuate Collection Set: 4.0ms
[2021-01-31T20:23:50.050+0500][0.612s] GC(0)   Post Evacuate Collection Set: 0.3ms
[2021-01-31T20:23:50.050+0500][0.612s] GC(0)   Other: 2.8ms
[2021-01-31T20:23:50.050+0500][0.612s] GC(0) Eden regions: 29->0(55)
[2021-01-31T20:23:50.050+0500][0.612s] GC(0) Survivor regions: 0->4(4)
[2021-01-31T20:23:50.050+0500][0.612s] GC(0) Old regions: 0->0
[2021-01-31T20:23:50.050+0500][0.612s] GC(0) Archive regions: 2->2
[2021-01-31T20:23:50.050+0500][0.612s] GC(0) Humongous regions: 0->0
[2021-01-31T20:23:50.050+0500][0.612s] GC(0) Metaspace: 6723K(8064K)->6723K(8064K) NonClass: 5931K(7168K)->5931K(7168K) Class: 791K(896K)->791K(896K)
[2021-01-31T20:23:50.050+0500][0.612s] GC(0) Pause Young (Normal) (G1 Evacuation Pause) 29M->3M(512M) 7.583ms
[2021-01-31T20:23:50.050+0500][0.612s] GC(0) User=0.01s Sys=0.00s Real=0.01s
[2021-01-31T20:23:50.545+0500][1.107s] GC(1) Pause Young (Normal) (G1 Evacuation Pause)
[2021-01-31T20:23:50.545+0500][1.107s] GC(1) Using 8 workers of 8 for evacuation
[2021-01-31T20:23:50.551+0500][1.114s] GC(1)   Pre Evacuate Collection Set: 0.1ms
[2021-01-31T20:23:50.551+0500][1.114s] GC(1)   Merge Heap Roots: 0.0ms
[2021-01-31T20:23:50.551+0500][1.114s] GC(1)   Evacuate Collection Set: 5.6ms
[2021-01-31T20:23:50.551+0500][1.114s] GC(1)   Post Evacuate Collection Set: 0.5ms
[2021-01-31T20:23:50.551+0500][1.114s] GC(1)   Other: 0.1ms
[2021-01-31T20:23:50.551+0500][1.114s] GC(1) Eden regions: 55->0(299)
[2021-01-31T20:23:50.551+0500][1.114s] GC(1) Survivor regions: 4->8(8)
[2021-01-31T20:23:50.551+0500][1.114s] GC(1) Old regions: 0->8
[2021-01-31T20:23:50.551+0500][1.114s] GC(1) Archive regions: 2->2
[2021-01-31T20:23:50.551+0500][1.114s] GC(1) Humongous regions: 4->4
[2021-01-31T20:23:50.551+0500][1.114s] GC(1) Metaspace: 15528K(16000K)->15528K(16000K) NonClass: 13710K(14080K)->13710K(14080K) Class: 1817K(1920K)->1817K(1920K)
[2021-01-31T20:23:50.552+0500][1.114s] GC(1) Pause Young (Normal) (G1 Evacuation Pause) 62M->19M(512M) 6.476ms
[2021-01-31T20:23:50.552+0500][1.114s] GC(1) User=0.05s Sys=0.00s Real=0.01s
[2021-01-31T20:23:50.798+0500][1.360s] GC(2) Pause Young (Concurrent Start) (Metadata GC Threshold)
[2021-01-31T20:23:50.798+0500][1.360s] GC(2) Using 8 workers of 8 for evacuation
[2021-01-31T20:23:50.803+0500][1.365s] GC(2)   Pre Evacuate Collection Set: 0.1ms
[2021-01-31T20:23:50.803+0500][1.365s] GC(2)   Merge Heap Roots: 0.1ms
[2021-01-31T20:23:50.803+0500][1.365s] GC(2)   Evacuate Collection Set: 4.1ms
[2021-01-31T20:23:50.803+0500][1.365s] GC(2)   Post Evacuate Collection Set: 0.6ms
[2021-01-31T20:23:50.803+0500][1.365s] GC(2)   Other: 0.2ms
[2021-01-31T20:23:50.803+0500][1.365s] GC(2) Eden regions: 35->0(232)
[2021-01-31T20:23:50.803+0500][1.365s] GC(2) Survivor regions: 8->12(39)
[2021-01-31T20:23:50.803+0500][1.365s] GC(2) Old regions: 8->8
[2021-01-31T20:23:50.803+0500][1.365s] GC(2) Archive regions: 2->2
[2021-01-31T20:23:50.803+0500][1.365s] GC(2) Humongous regions: 4->4
[2021-01-31T20:23:50.803+0500][1.365s] GC(2) Metaspace: 20574K(21248K)->20574K(21248K) NonClass: 18251K(18688K)->18251K(18688K) Class: 2322K(2560K)->2322K(2560K)
[2021-01-31T20:23:50.803+0500][1.365s] GC(2) Pause Young (Concurrent Start) (Metadata GC Threshold) 54M->23M(512M) 5.126ms
[2021-01-31T20:23:50.803+0500][1.365s] GC(2) User=0.04s Sys=0.00s Real=0.01s
[2021-01-31T20:23:50.803+0500][1.365s] GC(3) Concurrent Cycle
[2021-01-31T20:23:50.803+0500][1.365s] GC(3) Concurrent Clear Claimed Marks
[2021-01-31T20:23:50.803+0500][1.365s] GC(3) Concurrent Clear Claimed Marks 0.021ms
[2021-01-31T20:23:50.803+0500][1.365s] GC(3) Concurrent Scan Root Regions
[2021-01-31T20:23:50.806+0500][1.369s] GC(3) Concurrent Scan Root Regions 3.234ms
[2021-01-31T20:23:50.807+0500][1.369s] GC(3) Concurrent Mark (1.369s)
[2021-01-31T20:23:50.807+0500][1.369s] GC(3) Concurrent Mark From Roots
[2021-01-31T20:23:50.807+0500][1.369s] GC(3) Using 2 workers of 2 for marking
[2021-01-31T20:23:50.815+0500][1.377s] GC(3) Concurrent Mark From Roots 8.473ms
[2021-01-31T20:23:50.815+0500][1.377s] GC(3) Concurrent Preclean
[2021-01-31T20:23:50.815+0500][1.377s] GC(3) Concurrent Preclean 0.078ms
[2021-01-31T20:23:50.815+0500][1.377s] GC(3) Concurrent Mark (1.369s, 1.377s) 8.625ms
[2021-01-31T20:23:50.815+0500][1.377s] GC(3) Pause Remark
[2021-01-31T20:23:50.816+0500][1.379s] GC(3) Pause Remark 25M->25M(512M) 1.127ms
[2021-01-31T20:23:50.816+0500][1.379s] GC(3) User=0.00s Sys=0.00s Real=0.00s
[2021-01-31T20:23:50.816+0500][1.379s] GC(3) Concurrent Rebuild Remembered Sets
[2021-01-31T20:23:50.822+0500][1.384s] GC(3) Concurrent Rebuild Remembered Sets 5.517ms
[2021-01-31T20:23:50.822+0500][1.384s] GC(3) Pause Cleanup
[2021-01-31T20:23:50.822+0500][1.385s] GC(3) Pause Cleanup 26M->26M(512M) 0.130ms
[2021-01-31T20:23:50.823+0500][1.385s] GC(3) User=0.00s Sys=0.00s Real=0.00s
[2021-01-31T20:23:50.823+0500][1.385s] GC(3) Concurrent Cleanup for Next Mark
[2021-01-31T20:23:50.824+0500][1.386s] GC(3) Concurrent Cleanup for Next Mark 1.402ms
[2021-01-31T20:23:50.824+0500][1.386s] GC(3) Concurrent Cycle 20.857ms
[2021-01-31T20:24:51.369+0500][61.933s] GC(4) Pause Young (Concurrent Start) (Metadata GC Threshold)
[2021-01-31T20:24:51.369+0500][61.933s] GC(4) Using 8 workers of 8 for evacuation
[2021-01-31T20:24:51.375+0500][61.938s] GC(4)   Pre Evacuate Collection Set: 0.1ms
[2021-01-31T20:24:51.375+0500][61.939s] GC(4)   Merge Heap Roots: 0.1ms
[2021-01-31T20:24:51.375+0500][61.939s] GC(4)   Evacuate Collection Set: 5.0ms
[2021-01-31T20:24:51.375+0500][61.939s] GC(4)   Post Evacuate Collection Set: 0.7ms
[2021-01-31T20:24:51.375+0500][61.939s] GC(4)   Other: 0.2ms
[2021-01-31T20:24:51.375+0500][61.939s] GC(4) Eden regions: 108->0(290)
[2021-01-31T20:24:51.376+0500][61.939s] GC(4) Survivor regions: 12->17(31)
[2021-01-31T20:24:51.376+0500][61.939s] GC(4) Old regions: 8->8
[2021-01-31T20:24:51.376+0500][61.939s] GC(4) Archive regions: 2->2
[2021-01-31T20:24:51.376+0500][61.939s] GC(4) Humongous regions: 4->4
[2021-01-31T20:24:51.376+0500][61.939s] GC(4) Metaspace: 35273K(36224K)->35273K(36224K) NonClass: 31216K(32000K)->31216K(32000K) Class: 4056K(4224K)->4056K(4224K)
[2021-01-31T20:24:51.376+0500][61.939s] GC(4) Pause Young (Concurrent Start) (Metadata GC Threshold) 131M->28M(512M) 6.120ms
[2021-01-31T20:24:51.376+0500][61.939s] GC(4) User=0.04s Sys=0.00s Real=0.01s
[2021-01-31T20:24:51.376+0500][61.939s] GC(5) Concurrent Cycle
[2021-01-31T20:24:51.376+0500][61.939s] GC(5) Concurrent Clear Claimed Marks
[2021-01-31T20:24:51.376+0500][61.939s] GC(5) Concurrent Clear Claimed Marks 0.018ms
[2021-01-31T20:24:51.376+0500][61.939s] GC(5) Concurrent Scan Root Regions
[2021-01-31T20:24:51.380+0500][61.943s] GC(5) Concurrent Scan Root Regions 4.363ms
[2021-01-31T20:24:51.380+0500][61.943s] GC(5) Concurrent Mark (61.943s)
[2021-01-31T20:24:51.380+0500][61.943s] GC(5) Concurrent Mark From Roots
[2021-01-31T20:24:51.380+0500][61.943s] GC(5) Using 2 workers of 2 for marking
[2021-01-31T20:24:51.386+0500][61.949s] GC(5) Concurrent Mark From Roots 6.223ms
[2021-01-31T20:24:51.386+0500][61.949s] GC(5) Concurrent Preclean
[2021-01-31T20:24:51.386+0500][61.950s] GC(5) Concurrent Preclean 0.035ms
[2021-01-31T20:24:51.386+0500][61.950s] GC(5) Concurrent Mark (61.943s, 61.950s) 6.347ms
[2021-01-31T20:24:51.387+0500][61.950s] GC(5) Pause Remark
[2021-01-31T20:24:51.388+0500][61.951s] GC(5) Pause Remark 30M->30M(512M) 1.338ms
[2021-01-31T20:24:51.388+0500][61.951s] GC(5) User=0.01s Sys=0.00s Real=0.00s
[2021-01-31T20:24:51.388+0500][61.951s] GC(5) Concurrent Rebuild Remembered Sets
[2021-01-31T20:24:51.392+0500][61.955s] GC(5) Concurrent Rebuild Remembered Sets 3.562ms
[2021-01-31T20:24:51.392+0500][61.955s] GC(5) Pause Cleanup
[2021-01-31T20:24:51.392+0500][61.955s] GC(5) Pause Cleanup 30M->30M(512M) 0.105ms
[2021-01-31T20:24:51.392+0500][61.955s] GC(5) User=0.00s Sys=0.00s Real=0.00s
[2021-01-31T20:24:51.392+0500][61.955s] GC(5) Concurrent Cleanup for Next Mark
[2021-01-31T20:24:51.393+0500][61.956s] GC(5) Concurrent Cleanup for Next Mark 0.746ms
[2021-01-31T20:24:51.393+0500][61.956s] GC(5) Concurrent Cycle 17.064ms
[2021-01-31T20:33:22.651+0500][573.222s] Heap
[2021-01-31T20:33:22.651+0500][573.222s]  garbage-first heap   total 524288K, used 49905K [0x00000007e0000000, 0x0000000800000000)
[2021-01-31T20:33:22.651+0500][573.222s]   region size 1024K, 38 young (38912K), 17 survivors (17408K)
[2021-01-31T20:33:22.651+0500][573.222s]  Metaspace       used 36210K, capacity 36652K, committed 37376K, reserved 1083392K
[2021-01-31T20:33:22.651+0500][573.222s]   class space    used 4118K, capacity 4242K, committed 4352K, reserved 1048576K
