[2021-02-01T22:59:45.423+0500][0.008s] Using G1
[2021-02-01T22:59:45.632+0500][0.217s] Version: 15.0.1+9-18 (release)
[2021-02-01T22:59:45.632+0500][0.217s] CPUs: 8 total, 8 available
[2021-02-01T22:59:45.632+0500][0.217s] Memory: 16384M
[2021-02-01T22:59:45.632+0500][0.217s] Large Page Support: Disabled
[2021-02-01T22:59:45.632+0500][0.217s] NUMA Support: Disabled
[2021-02-01T22:59:45.632+0500][0.217s] Compressed Oops: Enabled (Zero based)
[2021-02-01T22:59:45.632+0500][0.217s] Heap Region Size: 1M
[2021-02-01T22:59:45.632+0500][0.217s] Heap Min Capacity: 512M
[2021-02-01T22:59:45.632+0500][0.217s] Heap Initial Capacity: 512M
[2021-02-01T22:59:45.632+0500][0.217s] Heap Max Capacity: 512M
[2021-02-01T22:59:45.632+0500][0.217s] Pre-touch: Enabled
[2021-02-01T22:59:45.632+0500][0.217s] Parallel Workers: 8
[2021-02-01T22:59:45.632+0500][0.217s] Concurrent Workers: 2
[2021-02-01T22:59:45.632+0500][0.217s] Concurrent Refinement Workers: 8
[2021-02-01T22:59:45.632+0500][0.217s] Periodic GC: Disabled
[2021-02-01T22:59:45.633+0500][0.217s] Mark closed archive regions in map: [0x00000007fff00000, 0x00000007fff78ff8]
[2021-02-01T22:59:45.633+0500][0.217s] Mark open archive regions in map: [0x00000007ffe00000, 0x00000007ffe50ff8]
[2021-02-01T22:59:45.633+0500][0.218s] CDS archive(s) mapped at: [0x0000000800000000-0x0000000800b2c000-0x0000000800b2c000), size 11714560, SharedBaseAddress: 0x0000000800000000, ArchiveRelocationMode: 0.
[2021-02-01T22:59:45.633+0500][0.218s] Compressed class space mapped at: 0x0000000800b2c000-0x0000000840b2c000, size: 1073741824
[2021-02-01T22:59:45.633+0500][0.218s] Narrow klass base: 0x0000000800000000, Narrow klass shift: 3, Narrow klass range: 0x100000000
[2021-02-01T22:59:46.107+0500][0.692s] GC(0) Pause Young (Normal) (G1 Evacuation Pause)
[2021-02-01T22:59:46.108+0500][0.692s] GC(0) Using 8 workers of 8 for evacuation
[2021-02-01T22:59:46.111+0500][0.695s] GC(0)   Pre Evacuate Collection Set: 0.1ms
[2021-02-01T22:59:46.111+0500][0.695s] GC(0)   Merge Heap Roots: 0.1ms
[2021-02-01T22:59:46.111+0500][0.695s] GC(0)   Evacuate Collection Set: 1.7ms
[2021-02-01T22:59:46.111+0500][0.695s] GC(0)   Post Evacuate Collection Set: 0.4ms
[2021-02-01T22:59:46.111+0500][0.695s] GC(0)   Other: 0.7ms
[2021-02-01T22:59:46.111+0500][0.695s] GC(0) Eden regions: 29->0(55)
[2021-02-01T22:59:46.111+0500][0.695s] GC(0) Survivor regions: 0->4(4)
[2021-02-01T22:59:46.111+0500][0.695s] GC(0) Old regions: 0->0
[2021-02-01T22:59:46.111+0500][0.695s] GC(0) Archive regions: 2->2
[2021-02-01T22:59:46.111+0500][0.695s] GC(0) Humongous regions: 0->0
[2021-02-01T22:59:46.111+0500][0.695s] GC(0) Metaspace: 6723K(8064K)->6723K(8064K) NonClass: 5931K(7168K)->5931K(7168K) Class: 791K(896K)->791K(896K)
[2021-02-01T22:59:46.111+0500][0.695s] GC(0) Pause Young (Normal) (G1 Evacuation Pause) 29M->3M(512M) 3.210ms
[2021-02-01T22:59:46.111+0500][0.695s] GC(0) User=0.01s Sys=0.00s Real=0.01s
[2021-02-01T22:59:46.705+0500][1.289s] GC(1) Pause Young (Normal) (G1 Evacuation Pause)
[2021-02-01T22:59:46.705+0500][1.289s] GC(1) Using 8 workers of 8 for evacuation
[2021-02-01T22:59:46.711+0500][1.296s] GC(1)   Pre Evacuate Collection Set: 0.1ms
[2021-02-01T22:59:46.711+0500][1.296s] GC(1)   Merge Heap Roots: 0.1ms
[2021-02-01T22:59:46.711+0500][1.296s] GC(1)   Evacuate Collection Set: 5.6ms
[2021-02-01T22:59:46.711+0500][1.296s] GC(1)   Post Evacuate Collection Set: 0.7ms
[2021-02-01T22:59:46.711+0500][1.296s] GC(1)   Other: 0.2ms
[2021-02-01T22:59:46.711+0500][1.296s] GC(1) Eden regions: 55->0(299)
[2021-02-01T22:59:46.711+0500][1.296s] GC(1) Survivor regions: 4->8(8)
[2021-02-01T22:59:46.711+0500][1.296s] GC(1) Old regions: 0->8
[2021-02-01T22:59:46.711+0500][1.296s] GC(1) Archive regions: 2->2
[2021-02-01T22:59:46.712+0500][1.296s] GC(1) Humongous regions: 4->4
[2021-02-01T22:59:46.712+0500][1.296s] GC(1) Metaspace: 15536K(16256K)->15536K(16256K) NonClass: 13716K(14336K)->13716K(14336K) Class: 1819K(1920K)->1819K(1920K)
[2021-02-01T22:59:46.712+0500][1.296s] GC(1) Pause Young (Normal) (G1 Evacuation Pause) 62M->20M(512M) 6.750ms
[2021-02-01T22:59:46.712+0500][1.296s] GC(1) User=0.05s Sys=0.00s Real=0.01s
[2021-02-01T22:59:47.094+0500][1.678s] GC(2) Pause Young (Concurrent Start) (Metadata GC Threshold)
[2021-02-01T22:59:47.094+0500][1.678s] GC(2) Using 8 workers of 8 for evacuation
[2021-02-01T22:59:47.099+0500][1.683s] GC(2)   Pre Evacuate Collection Set: 0.1ms
[2021-02-01T22:59:47.099+0500][1.683s] GC(2)   Merge Heap Roots: 0.1ms
[2021-02-01T22:59:47.099+0500][1.683s] GC(2)   Evacuate Collection Set: 3.3ms
[2021-02-01T22:59:47.099+0500][1.683s] GC(2)   Post Evacuate Collection Set: 0.9ms
[2021-02-01T22:59:47.099+0500][1.683s] GC(2)   Other: 0.2ms
[2021-02-01T22:59:47.099+0500][1.683s] GC(2) Eden regions: 34->0(153)
[2021-02-01T22:59:47.099+0500][1.683s] GC(2) Survivor regions: 8->13(39)
[2021-02-01T22:59:47.099+0500][1.683s] GC(2) Old regions: 8->8
[2021-02-01T22:59:47.099+0500][1.683s] GC(2) Archive regions: 2->2
[2021-02-01T22:59:47.099+0500][1.683s] GC(2) Humongous regions: 4->4
[2021-02-01T22:59:47.099+0500][1.683s] GC(2) Metaspace: 20475K(21248K)->20475K(21248K) NonClass: 18154K(18688K)->18154K(18688K) Class: 2321K(2560K)->2321K(2560K)
[2021-02-01T22:59:47.099+0500][1.683s] GC(2) Pause Young (Concurrent Start) (Metadata GC Threshold) 53M->24M(512M) 4.759ms
[2021-02-01T22:59:47.099+0500][1.683s] GC(2) User=0.02s Sys=0.00s Real=0.00s
[2021-02-01T22:59:47.099+0500][1.683s] GC(3) Concurrent Cycle
[2021-02-01T22:59:47.099+0500][1.683s] GC(3) Concurrent Clear Claimed Marks
[2021-02-01T22:59:47.099+0500][1.683s] GC(3) Concurrent Clear Claimed Marks 0.020ms
[2021-02-01T22:59:47.099+0500][1.683s] GC(3) Concurrent Scan Root Regions
[2021-02-01T22:59:47.101+0500][1.685s] GC(3) Concurrent Scan Root Regions 1.955ms
[2021-02-01T22:59:47.101+0500][1.685s] GC(3) Concurrent Mark (1.685s)
[2021-02-01T22:59:47.101+0500][1.685s] GC(3) Concurrent Mark From Roots
[2021-02-01T22:59:47.101+0500][1.685s] GC(3) Using 2 workers of 2 for marking
[2021-02-01T22:59:47.107+0500][1.691s] GC(3) Concurrent Mark From Roots 6.149ms
[2021-02-01T22:59:47.107+0500][1.691s] GC(3) Concurrent Preclean
[2021-02-01T22:59:47.107+0500][1.692s] GC(3) Concurrent Preclean 0.068ms
[2021-02-01T22:59:47.107+0500][1.692s] GC(3) Concurrent Mark (1.685s, 1.692s) 6.277ms
[2021-02-01T22:59:47.107+0500][1.692s] GC(3) Pause Remark
[2021-02-01T22:59:47.108+0500][1.693s] GC(3) Pause Remark 25M->25M(512M) 0.933ms
[2021-02-01T22:59:47.108+0500][1.693s] GC(3) User=0.01s Sys=0.00s Real=0.00s
[2021-02-01T22:59:47.108+0500][1.693s] GC(3) Concurrent Rebuild Remembered Sets
[2021-02-01T22:59:47.112+0500][1.697s] GC(3) Concurrent Rebuild Remembered Sets 4.060ms
[2021-02-01T22:59:47.113+0500][1.697s] GC(3) Pause Cleanup
[2021-02-01T22:59:47.113+0500][1.697s] GC(3) Pause Cleanup 26M->26M(512M) 0.130ms
[2021-02-01T22:59:47.113+0500][1.697s] GC(3) User=0.00s Sys=0.00s Real=0.00s
[2021-02-01T22:59:47.113+0500][1.697s] GC(3) Concurrent Cleanup for Next Mark
[2021-02-01T22:59:47.114+0500][1.698s] GC(3) Concurrent Cleanup for Next Mark 0.728ms
[2021-02-01T22:59:47.114+0500][1.698s] GC(3) Concurrent Cycle 14.828ms
[2021-02-01T22:59:48.449+0500][3.033s] GC(4) Pause Young (Concurrent Start) (Metadata GC Threshold)
[2021-02-01T22:59:48.449+0500][3.033s] GC(4) Using 8 workers of 8 for evacuation
[2021-02-01T22:59:48.455+0500][3.039s] GC(4)   Pre Evacuate Collection Set: 0.1ms
[2021-02-01T22:59:48.455+0500][3.039s] GC(4)   Merge Heap Roots: 0.1ms
[2021-02-01T22:59:48.455+0500][3.039s] GC(4)   Evacuate Collection Set: 5.5ms
[2021-02-01T22:59:48.455+0500][3.039s] GC(4)   Post Evacuate Collection Set: 0.5ms
[2021-02-01T22:59:48.455+0500][3.040s] GC(4)   Other: 0.2ms
[2021-02-01T22:59:48.455+0500][3.040s] GC(4) Eden regions: 110->0(292)
[2021-02-01T22:59:48.455+0500][3.040s] GC(4) Survivor regions: 13->15(21)
[2021-02-01T22:59:48.455+0500][3.040s] GC(4) Old regions: 8->10
[2021-02-01T22:59:48.455+0500][3.040s] GC(4) Archive regions: 2->2
[2021-02-01T22:59:48.455+0500][3.040s] GC(4) Humongous regions: 4->4
[2021-02-01T22:59:48.455+0500][3.040s] GC(4) Metaspace: 34893K(35840K)->34893K(35840K) NonClass: 30829K(31616K)->30829K(31616K) Class: 4064K(4224K)->4064K(4224K)
[2021-02-01T22:59:48.455+0500][3.040s] GC(4) Pause Young (Concurrent Start) (Metadata GC Threshold) 134M->28M(512M) 6.541ms
[2021-02-01T22:59:48.455+0500][3.040s] GC(4) User=0.04s Sys=0.01s Real=0.01s
[2021-02-01T22:59:48.455+0500][3.040s] GC(5) Concurrent Cycle
[2021-02-01T22:59:48.455+0500][3.040s] GC(5) Concurrent Clear Claimed Marks
[2021-02-01T22:59:48.456+0500][3.040s] GC(5) Concurrent Clear Claimed Marks 0.018ms
[2021-02-01T22:59:48.456+0500][3.040s] GC(5) Concurrent Scan Root Regions
[2021-02-01T22:59:48.459+0500][3.043s] GC(5) Concurrent Scan Root Regions 3.625ms
[2021-02-01T22:59:48.459+0500][3.043s] GC(5) Concurrent Mark (3.043s)
[2021-02-01T22:59:48.459+0500][3.043s] GC(5) Concurrent Mark From Roots
[2021-02-01T22:59:48.459+0500][3.043s] GC(5) Using 2 workers of 2 for marking
[2021-02-01T22:59:48.467+0500][3.051s] GC(5) Concurrent Mark From Roots 7.683ms
[2021-02-01T22:59:48.467+0500][3.051s] GC(5) Concurrent Preclean
[2021-02-01T22:59:48.467+0500][3.051s] GC(5) Concurrent Preclean 0.038ms
[2021-02-01T22:59:48.467+0500][3.051s] GC(5) Concurrent Mark (3.043s, 3.051s) 7.775ms
[2021-02-01T22:59:48.467+0500][3.051s] GC(5) Pause Remark
[2021-02-01T22:59:48.468+0500][3.053s] GC(5) Pause Remark 29M->29M(512M) 1.146ms
[2021-02-01T22:59:48.468+0500][3.053s] GC(5) User=0.01s Sys=0.00s Real=0.00s
[2021-02-01T22:59:48.468+0500][3.053s] GC(5) Concurrent Rebuild Remembered Sets
[2021-02-01T22:59:48.473+0500][3.057s] GC(5) Concurrent Rebuild Remembered Sets 4.317ms
[2021-02-01T22:59:48.473+0500][3.057s] GC(5) Pause Cleanup
[2021-02-01T22:59:48.473+0500][3.057s] GC(5) Pause Cleanup 30M->30M(512M) 0.118ms
[2021-02-01T22:59:48.473+0500][3.057s] GC(5) User=0.00s Sys=0.00s Real=0.00s
[2021-02-01T22:59:48.473+0500][3.058s] GC(5) Concurrent Cleanup for Next Mark
[2021-02-01T22:59:48.474+0500][3.058s] GC(5) Concurrent Cleanup for Next Mark 0.750ms
[2021-02-01T22:59:48.474+0500][3.058s] GC(5) Concurrent Cycle 18.657ms
[2021-02-02T02:16:26.156+0500][9577.462s] Heap
[2021-02-02T02:16:26.156+0500][9577.463s]  garbage-first heap   total 524288K, used 219517K [0x00000007e0000000, 0x0000000800000000)
[2021-02-02T02:16:26.156+0500][9577.463s]   region size 1024K, 200 young (204800K), 15 survivors (15360K)
[2021-02-02T02:16:26.156+0500][9577.463s]  Metaspace       used 49813K, capacity 50315K, committed 50816K, reserved 1093632K
[2021-02-02T02:16:26.156+0500][9577.463s]   class space    used 5802K, capacity 5965K, committed 6016K, reserved 1048576K
