[2021-01-31T19:42:38.496+0500][0.007s] Using G1
[2021-01-31T19:42:38.698+0500][0.209s] Version: 15.0.1+9-18 (release)
[2021-01-31T19:42:38.698+0500][0.209s] CPUs: 8 total, 8 available
[2021-01-31T19:42:38.698+0500][0.209s] Memory: 16384M
[2021-01-31T19:42:38.698+0500][0.209s] Large Page Support: Disabled
[2021-01-31T19:42:38.698+0500][0.209s] NUMA Support: Disabled
[2021-01-31T19:42:38.698+0500][0.209s] Compressed Oops: Enabled (Zero based)
[2021-01-31T19:42:38.698+0500][0.209s] Heap Region Size: 1M
[2021-01-31T19:42:38.698+0500][0.209s] Heap Min Capacity: 512M
[2021-01-31T19:42:38.698+0500][0.209s] Heap Initial Capacity: 512M
[2021-01-31T19:42:38.698+0500][0.209s] Heap Max Capacity: 512M
[2021-01-31T19:42:38.698+0500][0.209s] Pre-touch: Enabled
[2021-01-31T19:42:38.698+0500][0.209s] Parallel Workers: 8
[2021-01-31T19:42:38.698+0500][0.209s] Concurrent Workers: 2
[2021-01-31T19:42:38.698+0500][0.209s] Concurrent Refinement Workers: 8
[2021-01-31T19:42:38.698+0500][0.209s] Periodic GC: Disabled
[2021-01-31T19:42:38.698+0500][0.209s] Mark closed archive regions in map: [0x00000007fff00000, 0x00000007fff78ff8]
[2021-01-31T19:42:38.699+0500][0.210s] Mark open archive regions in map: [0x00000007ffe00000, 0x00000007ffe50ff8]
[2021-01-31T19:42:38.699+0500][0.210s] CDS archive(s) mapped at: [0x0000000800000000-0x0000000800b2c000-0x0000000800b2c000), size 11714560, SharedBaseAddress: 0x0000000800000000, ArchiveRelocationMode: 0.
[2021-01-31T19:42:38.699+0500][0.210s] Compressed class space mapped at: 0x0000000800b2c000-0x0000000840b2c000, size: 1073741824
[2021-01-31T19:42:38.699+0500][0.210s] Narrow klass base: 0x0000000800000000, Narrow klass shift: 3, Narrow klass range: 0x100000000
[2021-01-31T19:42:39.107+0500][0.618s] GC(0) Pause Young (Normal) (G1 Evacuation Pause)
[2021-01-31T19:42:39.107+0500][0.618s] GC(0) Using 8 workers of 8 for evacuation
[2021-01-31T19:42:39.110+0500][0.621s] GC(0)   Pre Evacuate Collection Set: 0.1ms
[2021-01-31T19:42:39.110+0500][0.621s] GC(0)   Merge Heap Roots: 0.0ms
[2021-01-31T19:42:39.110+0500][0.621s] GC(0)   Evacuate Collection Set: 1.9ms
[2021-01-31T19:42:39.110+0500][0.621s] GC(0)   Post Evacuate Collection Set: 0.4ms
[2021-01-31T19:42:39.110+0500][0.621s] GC(0)   Other: 0.6ms
[2021-01-31T19:42:39.110+0500][0.621s] GC(0) Eden regions: 29->0(55)
[2021-01-31T19:42:39.110+0500][0.621s] GC(0) Survivor regions: 0->4(4)
[2021-01-31T19:42:39.110+0500][0.621s] GC(0) Old regions: 0->0
[2021-01-31T19:42:39.110+0500][0.621s] GC(0) Archive regions: 2->2
[2021-01-31T19:42:39.110+0500][0.621s] GC(0) Humongous regions: 0->0
[2021-01-31T19:42:39.110+0500][0.621s] GC(0) Metaspace: 6722K(8064K)->6722K(8064K) NonClass: 5931K(7168K)->5931K(7168K) Class: 791K(896K)->791K(896K)
[2021-01-31T19:42:39.110+0500][0.621s] GC(0) Pause Young (Normal) (G1 Evacuation Pause) 29M->3M(512M) 3.163ms
[2021-01-31T19:42:39.110+0500][0.621s] GC(0) User=0.02s Sys=0.00s Real=0.01s
[2021-01-31T19:42:39.905+0500][1.416s] GC(1) Pause Young (Normal) (G1 Evacuation Pause)
[2021-01-31T19:42:39.905+0500][1.416s] GC(1) Using 8 workers of 8 for evacuation
[2021-01-31T19:42:39.911+0500][1.422s] GC(1)   Pre Evacuate Collection Set: 0.1ms
[2021-01-31T19:42:39.911+0500][1.422s] GC(1)   Merge Heap Roots: 0.1ms
[2021-01-31T19:42:39.911+0500][1.422s] GC(1)   Evacuate Collection Set: 5.6ms
[2021-01-31T19:42:39.911+0500][1.422s] GC(1)   Post Evacuate Collection Set: 0.5ms
[2021-01-31T19:42:39.911+0500][1.422s] GC(1)   Other: 0.2ms
[2021-01-31T19:42:39.911+0500][1.422s] GC(1) Eden regions: 55->0(299)
[2021-01-31T19:42:39.911+0500][1.422s] GC(1) Survivor regions: 4->8(8)
[2021-01-31T19:42:39.911+0500][1.422s] GC(1) Old regions: 0->8
[2021-01-31T19:42:39.911+0500][1.422s] GC(1) Archive regions: 2->2
[2021-01-31T19:42:39.911+0500][1.422s] GC(1) Humongous regions: 4->4
[2021-01-31T19:42:39.911+0500][1.422s] GC(1) Metaspace: 15466K(16000K)->15466K(16000K) NonClass: 13662K(14080K)->13662K(14080K) Class: 1804K(1920K)->1804K(1920K)
[2021-01-31T19:42:39.911+0500][1.422s] GC(1) Pause Young (Normal) (G1 Evacuation Pause) 62M->20M(512M) 6.488ms
[2021-01-31T19:42:39.911+0500][1.422s] GC(1) User=0.04s Sys=0.00s Real=0.01s
[2021-01-31T19:42:40.181+0500][1.692s] GC(2) Pause Young (Concurrent Start) (Metadata GC Threshold)
[2021-01-31T19:42:40.181+0500][1.692s] GC(2) Using 8 workers of 8 for evacuation
[2021-01-31T19:42:40.186+0500][1.697s] GC(2)   Pre Evacuate Collection Set: 0.1ms
[2021-01-31T19:42:40.186+0500][1.697s] GC(2)   Merge Heap Roots: 0.1ms
[2021-01-31T19:42:40.186+0500][1.697s] GC(2)   Evacuate Collection Set: 4.1ms
[2021-01-31T19:42:40.186+0500][1.697s] GC(2)   Post Evacuate Collection Set: 0.8ms
[2021-01-31T19:42:40.186+0500][1.697s] GC(2)   Other: 0.3ms
[2021-01-31T19:42:40.186+0500][1.697s] GC(2) Eden regions: 35->0(169)
[2021-01-31T19:42:40.186+0500][1.697s] GC(2) Survivor regions: 8->12(39)
[2021-01-31T19:42:40.186+0500][1.697s] GC(2) Old regions: 8->8
[2021-01-31T19:42:40.186+0500][1.697s] GC(2) Archive regions: 2->2
[2021-01-31T19:42:40.186+0500][1.697s] GC(2) Humongous regions: 4->4
[2021-01-31T19:42:40.186+0500][1.697s] GC(2) Metaspace: 20727K(21248K)->20727K(21248K) NonClass: 18400K(18688K)->18400K(18688K) Class: 2326K(2560K)->2326K(2560K)
[2021-01-31T19:42:40.187+0500][1.698s] GC(2) Pause Young (Concurrent Start) (Metadata GC Threshold) 54M->23M(512M) 5.461ms
[2021-01-31T19:42:40.187+0500][1.698s] GC(2) User=0.04s Sys=0.01s Real=0.00s
[2021-01-31T19:42:40.187+0500][1.698s] GC(3) Concurrent Cycle
[2021-01-31T19:42:40.187+0500][1.698s] GC(3) Concurrent Clear Claimed Marks
[2021-01-31T19:42:40.187+0500][1.698s] GC(3) Concurrent Clear Claimed Marks 0.016ms
[2021-01-31T19:42:40.187+0500][1.698s] GC(3) Concurrent Scan Root Regions
[2021-01-31T19:42:40.189+0500][1.700s] GC(3) Concurrent Scan Root Regions 2.164ms
[2021-01-31T19:42:40.189+0500][1.700s] GC(3) Concurrent Mark (1.700s)
[2021-01-31T19:42:40.189+0500][1.700s] GC(3) Concurrent Mark From Roots
[2021-01-31T19:42:40.189+0500][1.700s] GC(3) Using 2 workers of 2 for marking
[2021-01-31T19:42:40.195+0500][1.706s] GC(3) Concurrent Mark From Roots 6.347ms
[2021-01-31T19:42:40.195+0500][1.706s] GC(3) Concurrent Preclean
[2021-01-31T19:42:40.195+0500][1.706s] GC(3) Concurrent Preclean 0.067ms
[2021-01-31T19:42:40.195+0500][1.706s] GC(3) Concurrent Mark (1.700s, 1.706s) 6.469ms
[2021-01-31T19:42:40.195+0500][1.706s] GC(3) Pause Remark
[2021-01-31T19:42:40.197+0500][1.708s] GC(3) Pause Remark 25M->25M(512M) 1.181ms
[2021-01-31T19:42:40.197+0500][1.708s] GC(3) User=0.01s Sys=0.00s Real=0.00s
[2021-01-31T19:42:40.197+0500][1.708s] GC(3) Concurrent Rebuild Remembered Sets
[2021-01-31T19:42:40.201+0500][1.712s] GC(3) Concurrent Rebuild Remembered Sets 3.963ms
[2021-01-31T19:42:40.201+0500][1.712s] GC(3) Pause Cleanup
[2021-01-31T19:42:40.201+0500][1.712s] GC(3) Pause Cleanup 25M->25M(512M) 0.123ms
[2021-01-31T19:42:40.201+0500][1.712s] GC(3) User=0.00s Sys=0.00s Real=0.00s
[2021-01-31T19:42:40.201+0500][1.712s] GC(3) Concurrent Cleanup for Next Mark
[2021-01-31T19:42:40.202+0500][1.713s] GC(3) Concurrent Cleanup for Next Mark 0.750ms
[2021-01-31T19:42:40.202+0500][1.713s] GC(3) Concurrent Cycle 15.691ms
[2021-01-31T20:18:13.993+0500][2135.536s] GC(4) Pause Young (Concurrent Start) (Metadata GC Threshold)
[2021-01-31T20:18:13.993+0500][2135.536s] GC(4) Using 8 workers of 8 for evacuation
[2021-01-31T20:18:13.999+0500][2135.543s] GC(4)   Pre Evacuate Collection Set: 0.1ms
[2021-01-31T20:18:13.999+0500][2135.543s] GC(4)   Merge Heap Roots: 0.1ms
[2021-01-31T20:18:13.999+0500][2135.543s] GC(4)   Evacuate Collection Set: 5.3ms
[2021-01-31T20:18:13.999+0500][2135.543s] GC(4)   Post Evacuate Collection Set: 0.6ms
[2021-01-31T20:18:13.999+0500][2135.543s] GC(4)   Other: 0.2ms
[2021-01-31T20:18:13.999+0500][2135.543s] GC(4) Eden regions: 105->0(290)
[2021-01-31T20:18:13.999+0500][2135.543s] GC(4) Survivor regions: 12->17(22)
[2021-01-31T20:18:13.999+0500][2135.543s] GC(4) Old regions: 8->8
[2021-01-31T20:18:13.999+0500][2135.543s] GC(4) Archive regions: 2->2
[2021-01-31T20:18:13.999+0500][2135.543s] GC(4) Humongous regions: 4->4
[2021-01-31T20:18:13.999+0500][2135.543s] GC(4) Metaspace: 34999K(35840K)->34999K(35840K) NonClass: 30988K(31616K)->30988K(31616K) Class: 4010K(4224K)->4010K(4224K)
[2021-01-31T20:18:13.999+0500][2135.543s] GC(4) Pause Young (Concurrent Start) (Metadata GC Threshold) 128M->29M(512M) 6.502ms
[2021-01-31T20:18:13.999+0500][2135.543s] GC(4) User=0.04s Sys=0.00s Real=0.00s
[2021-01-31T20:18:13.999+0500][2135.543s] GC(5) Concurrent Cycle
[2021-01-31T20:18:13.999+0500][2135.543s] GC(5) Concurrent Clear Claimed Marks
[2021-01-31T20:18:13.999+0500][2135.543s] GC(5) Concurrent Clear Claimed Marks 0.024ms
[2021-01-31T20:18:13.999+0500][2135.543s] GC(5) Concurrent Scan Root Regions
[2021-01-31T20:18:14.004+0500][2135.547s] GC(5) Concurrent Scan Root Regions 4.248ms
[2021-01-31T20:18:14.004+0500][2135.547s] GC(5) Concurrent Mark (2135.547s)
[2021-01-31T20:18:14.004+0500][2135.547s] GC(5) Concurrent Mark From Roots
[2021-01-31T20:18:14.004+0500][2135.547s] GC(5) Using 2 workers of 2 for marking
[2021-01-31T20:18:14.013+0500][2135.556s] GC(5) Concurrent Mark From Roots 8.732ms
[2021-01-31T20:18:14.013+0500][2135.556s] GC(5) Concurrent Preclean
[2021-01-31T20:18:14.013+0500][2135.556s] GC(5) Concurrent Preclean 0.109ms
[2021-01-31T20:18:14.013+0500][2135.556s] GC(5) Concurrent Mark (2135.547s, 2135.556s) 8.913ms
[2021-01-31T20:18:14.013+0500][2135.556s] GC(5) Pause Remark
[2021-01-31T20:18:14.014+0500][2135.558s] GC(5) Pause Remark 30M->30M(512M) 1.419ms
[2021-01-31T20:18:14.014+0500][2135.558s] GC(5) User=0.01s Sys=0.00s Real=0.00s
[2021-01-31T20:18:14.024+0500][2135.568s] GC(5) Concurrent Rebuild Remembered Sets
[2021-01-31T20:18:14.030+0500][2135.574s] GC(5) Concurrent Rebuild Remembered Sets 5.746ms
[2021-01-31T20:18:14.031+0500][2135.574s] GC(5) Pause Cleanup
[2021-01-31T20:18:14.031+0500][2135.574s] GC(5) Pause Cleanup 33M->33M(512M) 0.122ms
[2021-01-31T20:18:14.031+0500][2135.574s] GC(5) User=0.00s Sys=0.00s Real=0.00s
[2021-01-31T20:18:14.041+0500][2135.585s] GC(5) Concurrent Cleanup for Next Mark
[2021-01-31T20:18:14.042+0500][2135.585s] GC(5) Concurrent Cleanup for Next Mark 0.722ms
[2021-01-31T20:18:14.042+0500][2135.585s] GC(5) Concurrent Cycle 42.282ms
[2021-01-31T20:22:10.175+0500][2371.722s] Heap
[2021-01-31T20:22:10.175+0500][2371.722s]  garbage-first heap   total 524288K, used 60467K [0x00000007e0000000, 0x0000000800000000)
[2021-01-31T20:22:10.175+0500][2371.722s]   region size 1024K, 48 young (49152K), 17 survivors (17408K)
[2021-01-31T20:22:10.175+0500][2371.722s]  Metaspace       used 35698K, capacity 36112K, committed 36608K, reserved 1081344K
[2021-01-31T20:22:10.175+0500][2371.723s]   class space    used 4082K, capacity 4210K, committed 4224K, reserved 1048576K
